------------------------------------------------------------
Timing Analyzer Summary
------------------------------------------------------------

Type  : Slow 1200mV 85C Model Setup 'SW[2]'
Slack : -3.757
TNS   : -35.182

Type  : Slow 1200mV 85C Model Setup 'MAX10_CLK1_50'
Slack : -2.385
TNS   : -35.921

Type  : Slow 1200mV 85C Model Hold 'SW[2]'
Slack : 0.272
TNS   : 0.000

Type  : Slow 1200mV 85C Model Hold 'MAX10_CLK1_50'
Slack : 0.622
TNS   : 0.000

Type  : Slow 1200mV 85C Model Minimum Pulse Width 'SW[2]'
Slack : -3.000
TNS   : -88.952

Type  : Slow 1200mV 85C Model Minimum Pulse Width 'MAX10_CLK1_50'
Slack : -3.000
TNS   : -38.075

Type  : Slow 1200mV 0C Model Setup 'SW[2]'
Slack : -3.411
TNS   : -29.021

Type  : Slow 1200mV 0C Model Setup 'MAX10_CLK1_50'
Slack : -2.052
TNS   : -29.997

Type  : Slow 1200mV 0C Model Hold 'SW[2]'
Slack : 0.251
TNS   : 0.000

Type  : Slow 1200mV 0C Model Hold 'MAX10_CLK1_50'
Slack : 0.575
TNS   : 0.000

Type  : Slow 1200mV 0C Model Minimum Pulse Width 'SW[2]'
Slack : -3.000
TNS   : -88.062

Type  : Slow 1200mV 0C Model Minimum Pulse Width 'MAX10_CLK1_50'
Slack : -3.000
TNS   : -38.075

Type  : Fast 1200mV 0C Model Setup 'SW[2]'
Slack : -1.183
TNS   : -3.461

Type  : Fast 1200mV 0C Model Setup 'MAX10_CLK1_50'
Slack : -0.417
TNS   : -1.814

Type  : Fast 1200mV 0C Model Hold 'SW[2]'
Slack : 0.088
TNS   : 0.000

Type  : Fast 1200mV 0C Model Hold 'MAX10_CLK1_50'
Slack : 0.226
TNS   : 0.000

Type  : Fast 1200mV 0C Model Minimum Pulse Width 'SW[2]'
Slack : -3.000
TNS   : -73.604

Type  : Fast 1200mV 0C Model Minimum Pulse Width 'MAX10_CLK1_50'
Slack : -3.000
TNS   : -28.851

------------------------------------------------------------
